2025-11-18 15:33:24,187 - yes24_crawler - INFO - Collecting weekly ranking from Yes24
2025-11-18 15:33:24,798 - yes24_crawler - INFO - Yes24에서 최대한 많은 뮤지컬 ID 수집 시작
2025-11-18 15:33:24,798 - yes24_crawler - INFO - Genre/Musical 페이지: 33개 발견
2025-11-18 15:33:25,410 - yes24_crawler - INFO - 메인 페이지 추가: +6개 (총 39개)
2025-11-18 15:33:26,272 - yes24_crawler - INFO - Special 페이지 추가: +1개 (총 40개)
2025-11-18 15:33:26,272 - yes24_crawler - INFO - ✅ 최종 선택: 40개 뮤지컬
2025-11-18 15:33:27,192 - yes24_crawler - INFO - [1] 뮤지컬 [나르치스와 골드문트] - 평점: None
2025-11-18 15:33:28,383 - yes24_crawler - INFO - [2] LOUD BRIDGE FESTIVAL SEOUL 2026 - 평점: None
2025-11-18 15:33:29,603 - yes24_crawler - INFO - [3] tuki. 1ST ASIA TOUR 2026 IN SEOUL - 평점: None
2025-11-18 15:33:30,732 - yes24_crawler - INFO - [4] 뮤지컬 <이솝이야기> - 평점: 4.0
2025-11-18 15:33:31,911 - yes24_crawler - INFO - [5] 2025 뮤지컬 [미드나잇 : 액터뮤지션] - 평점: None
2025-11-18 15:33:32,987 - yes24_crawler - INFO - [6] 가족뮤지컬 [정승제의 수학대모험 : 수포자의 비밀] - 서울 - 평점: None
2025-11-18 15:33:34,202 - yes24_crawler - INFO - [7] 연극 〈엘리펀트 송〉 - 평점: None
2025-11-18 15:33:35,341 - yes24_crawler - INFO - [8] 〈센과 치히로의 행방불명〉오리지널 투어 (SPIRITED AWAY) - 평점: None
2025-11-18 15:33:36,384 - yes24_crawler - INFO - [9] 지소쿠리클럽 연말 단독 콘서트 〈Into the Wild〉 - 평점: None
2025-11-18 15:33:37,407 - yes24_crawler - INFO - [10] 뮤지컬 [해몽가] - 평점: 0.0
2025-11-18 15:33:38,598 - yes24_crawler - INFO - [11] 뮤지컬 [어쩌면 해피엔딩] - YES24DAY - 평점: None
2025-11-18 15:33:39,827 - yes24_crawler - INFO - [12] 뮤지컬 슈가 [SUGAR] - 평점: None
2025-11-18 15:33:40,892 - yes24_crawler - INFO - [13] 뮤지컬 〈팬레터〉 10주년 기념 공연 - 평점: None
2025-11-18 15:33:41,950 - yes24_crawler - INFO - [14] 뮤지컬 [캐빈] - 평점: None
2025-11-18 15:33:43,005 - yes24_crawler - INFO - [15] 뮤지컬 [존 도우] - 평점: None
2025-11-18 15:33:44,062 - yes24_crawler - INFO - [16] 뮤지컬 크리스마스 캐럴 - 평점: None
2025-11-18 15:33:45,163 - yes24_crawler - INFO - [17] COUNTDOWN FANTASY 2025-2026 - 평점: None
2025-11-18 15:33:46,164 - yes24_crawler - INFO - [18] [부산] 뮤지컬 [맘마미아!] - 평점: None
2025-11-18 15:33:47,174 - yes24_crawler - INFO - [19] 어른이 뮤지컬 [난쟁이들] - 평점: 4.0
2025-11-18 15:33:48,145 - yes24_crawler - INFO - [20] BAC 초이스 Ⅵ 뮤지컬 〈이매지너리〉 - 평점: None
2025-11-18 15:33:49,226 - yes24_crawler - INFO - [21] 뮤지컬 [EVITA] - 평점: 4.0
2025-11-18 15:33:50,190 - yes24_crawler - INFO - [22] [부산] 이은결 ＜TRACK＞ - 평점: None
2025-11-18 15:33:51,182 - yes24_crawler - INFO - [23] 창작뮤지컬 [님만헤민 게스트하우스] - 평점: 0.0
2025-11-18 15:33:52,245 - yes24_crawler - INFO - [24] 뮤지컬 [위키드] 내한공연 - 부산 (WICKED The Musical) - 평점: 5.0
2025-11-18 15:33:53,334 - yes24_crawler - INFO - [25] 뮤지컬 [바람으로의 여행] - 평점: 0.0
2025-11-18 15:33:54,398 - yes24_crawler - INFO - [26] 뮤지컬 ［인사이드 윌리엄］- 대전 - 평점: None
2025-11-18 15:33:55,460 - yes24_crawler - INFO - [27] 쥬크박스 뮤지컬 [쇼 머스트 고 온 in 대학로] - 평점: 0.0
2025-11-18 15:33:56,448 - yes24_crawler - INFO - [28] 뮤지컬 [그레이하우스] - 평점: 4.0
2025-11-18 15:33:57,455 - yes24_crawler - INFO - [29] [비지정석] 뮤지컬 [김종욱 찾기] - 평점: 0.0
2025-11-18 15:33:58,487 - yes24_crawler - INFO - [30] 뮤지컬 [후크] - 평점: 4.0
2025-11-18 15:33:59,518 - yes24_crawler - INFO - [31] 뮤지컬 [라흐마니노프] - 평점: 4.0
2025-11-18 15:34:00,520 - yes24_crawler - INFO - [32] [서울] 태양의서커스 [쿠자] - 평점: 5.0
2025-11-18 15:34:01,546 - yes24_crawler - INFO - [33] [부산] 뮤지컬 [어서 오세요， 휴남동 서점입니다] - 평점: 0.0
2025-11-18 15:34:02,591 - yes24_crawler - INFO - [34] [비지정석] 뮤지컬 [연남동 빙굴빙굴 빨래방] - 2025년 공연 - 평점: 0.0
2025-11-18 15:34:03,617 - yes24_crawler - INFO - [35] 뮤지컬 드라큘라(Dracula) OST [10TH ANNIVERSARY CAST RECORDING] - 평점: 5.0
2025-11-18 15:34:04,733 - yes24_crawler - INFO - [36] 페인터즈-광화문전용관 - 평점: 5.0
2025-11-18 15:34:05,767 - yes24_crawler - INFO - [37] 25 뮤지컬 천로역정 - 평점: 5.0
2025-11-18 15:34:06,751 - yes24_crawler - INFO - [38] 25 스크루테이프의 편지 - 평점: 5.0
2025-11-18 15:34:07,803 - yes24_crawler - INFO - [39] 락뮤지컬 [프리즌] - 평점: 5.0
2025-11-18 15:34:08,913 - yes24_crawler - INFO - [40] [삼척] 가족뮤지컬 [빨간모자와늑대] - 평점: 0.0
2025-11-18 15:34:09,218 - yes24_crawler - INFO - Successfully extracted 40 musicals
